[2025-08-08 17:25:29,682: INFO: main: Welcome to our Custom log]
[2025-08-09 11:11:25,447: INFO: main: >>>>>> stage Data Ingestion stage started <<<<<<]
[2025-08-09 11:11:25,447: INFO: common: yaml file: config\config.yaml loaded successfully]
[2025-08-09 11:11:25,463: INFO: common: yaml file: params.yaml loaded successfully]
[2025-08-09 11:11:25,463: ERROR: main: yaml file is empty]
Traceback (most recent call last):
  File "C:\Users\ramesh\Deep learning proj\Kidney_Disease_Classification_Deep_learning\src\cnnClassifier\utils\common.py", line 34, in read_yaml
    return ConfigBox(content)
  File "box\box.py", line 247, in box.box.Box.__init__
box.exceptions.BoxValueError: Cannot extrapolate Box from string

During handling of the above exception, another exception occurred:

Traceback (most recent call last):
  File "main.py", line 8, in <module>
    data_ingestion.main()
  File "C:\Users\ramesh\Deep learning proj\Kidney_Disease_Classification_Deep_learning\src\cnnClassifier\pipeline\stage_01_data_ingestion.py", line 13, in main
    config = ConfigurationManager()
  File "C:\Users\ramesh\Deep learning proj\Kidney_Disease_Classification_Deep_learning\src\cnnClassifier\config\configuration.py", line 14, in __init__
    self.params = read_yaml(params_filepath)
  File "C:\Users\ramesh\anaconda3\envs\kidney\lib\site-packages\ensure\main.py", line 849, in __call__
    return_val = self.f(*args, **kwargs)
  File "C:\Users\ramesh\Deep learning proj\Kidney_Disease_Classification_Deep_learning\src\cnnClassifier\utils\common.py", line 36, in read_yaml
    raise ValueError("yaml file is empty")
ValueError: yaml file is empty
[2025-08-09 11:13:38,542: INFO: main: >>>>>> stage Data Ingestion stage started <<<<<<]
[2025-08-09 11:13:38,542: INFO: common: yaml file: config\config.yaml loaded successfully]
[2025-08-09 11:13:38,558: INFO: common: yaml file: params.yaml loaded successfully]
[2025-08-09 11:13:38,558: INFO: common: created directory at: artifacts]
[2025-08-09 11:13:38,558: INFO: common: created directory at: artifacts/data_ingestion]
[2025-08-09 11:13:38,558: INFO: data_ingestion: Downloading data from https://drive.google.com/file/d/1vlhZ5c7abUKF8xXERIw6m9Te8fW7ohw3/view?usp=sharing into file artifacts/data_ingestion/data.zip]
[2025-08-09 11:13:49,307: INFO: data_ingestion: Downloaded data from https://drive.google.com/file/d/1vlhZ5c7abUKF8xXERIw6m9Te8fW7ohw3/view?usp=sharing into file artifacts/data_ingestion/data.zip]
[2025-08-09 11:13:52,104: INFO: main: >>>>>> stage Data Ingestion stage completed <<<<<<

x==========x]
[2025-08-09 12:13:20,602: INFO: main: >>>>>> stage Data Ingestion stage started <<<<<<]
[2025-08-09 12:13:20,610: INFO: common: yaml file: config\config.yaml loaded successfully]
[2025-08-09 12:13:20,618: INFO: common: yaml file: params.yaml loaded successfully]
[2025-08-09 12:13:20,618: INFO: common: created directory at: artifacts]
[2025-08-09 12:13:20,618: INFO: common: created directory at: artifacts/data_ingestion]
[2025-08-09 12:13:20,618: INFO: data_ingestion: Downloading data from https://drive.google.com/file/d/1vlhZ5c7abUKF8xXERIw6m9Te8fW7ohw3/view?usp=sharing into file artifacts/data_ingestion/data.zip]
[2025-08-09 12:13:31,938: INFO: data_ingestion: Downloaded data from https://drive.google.com/file/d/1vlhZ5c7abUKF8xXERIw6m9Te8fW7ohw3/view?usp=sharing into file artifacts/data_ingestion/data.zip]
[2025-08-09 12:13:37,753: INFO: main: >>>>>> stage Data Ingestion stage completed <<<<<<

x==========x]
[2025-08-09 12:13:37,768: INFO: main: *******************]
[2025-08-09 12:13:37,768: INFO: main: >>>>>> stage Prepare base model started <<<<<<]
[2025-08-09 12:13:37,784: INFO: common: yaml file: config\config.yaml loaded successfully]
[2025-08-09 12:13:37,800: INFO: common: yaml file: params.yaml loaded successfully]
[2025-08-09 12:13:37,831: INFO: common: created directory at: artifacts]
[2025-08-09 12:13:37,831: INFO: common: created directory at: artifacts/prepare_base_model]
[2025-08-09 12:13:53,385: WARNING: saving_utils: Compiled the loaded model, but the compiled metrics have yet to be built. `model.compile_metrics` will be empty until you train or evaluate the model.]
[2025-08-09 12:13:57,638: INFO: main: >>>>>> stage Prepare base model completed <<<<<<

x==========x]
[2025-08-09 14:22:59,852: INFO: main: >>>>>> stage Data Ingestion stage started <<<<<<]
[2025-08-09 14:22:59,863: INFO: common: yaml file: config\config.yaml loaded successfully]
[2025-08-09 14:22:59,868: INFO: common: yaml file: params.yaml loaded successfully]
[2025-08-09 14:22:59,876: INFO: common: created directory at: artifacts]
[2025-08-09 14:22:59,878: INFO: common: created directory at: artifacts/data_ingestion]
[2025-08-09 14:22:59,883: INFO: data_ingestion: Downloading data from https://drive.google.com/file/d/1vlhZ5c7abUKF8xXERIw6m9Te8fW7ohw3/view?usp=sharing into file artifacts/data_ingestion/data.zip]
[2025-08-09 14:23:11,008: INFO: data_ingestion: Downloaded data from https://drive.google.com/file/d/1vlhZ5c7abUKF8xXERIw6m9Te8fW7ohw3/view?usp=sharing into file artifacts/data_ingestion/data.zip]
[2025-08-09 14:23:12,663: INFO: main: >>>>>> stage Data Ingestion stage completed <<<<<<

x==========x]
[2025-08-09 14:23:12,668: INFO: main: *******************]
[2025-08-09 14:23:12,668: INFO: main: >>>>>> stage Prepare base model started <<<<<<]
[2025-08-09 14:23:12,673: INFO: common: yaml file: config\config.yaml loaded successfully]
[2025-08-09 14:23:12,683: INFO: common: yaml file: params.yaml loaded successfully]
[2025-08-09 14:23:12,683: INFO: common: created directory at: artifacts]
[2025-08-09 14:23:12,688: INFO: common: created directory at: artifacts/prepare_base_model]
[2025-08-09 14:23:14,225: WARNING: saving_utils: Compiled the loaded model, but the compiled metrics have yet to be built. `model.compile_metrics` will be empty until you train or evaluate the model.]
[2025-08-09 14:23:15,349: INFO: main: >>>>>> stage Prepare base model completed <<<<<<

x==========x]
[2025-08-09 14:23:15,351: INFO: main: *******************]
[2025-08-09 14:23:15,351: INFO: main: >>>>>> stage Training started <<<<<<]
[2025-08-09 14:23:15,362: INFO: common: yaml file: config\config.yaml loaded successfully]
[2025-08-09 14:23:15,364: INFO: common: yaml file: params.yaml loaded successfully]
[2025-08-09 14:23:15,370: INFO: common: created directory at: artifacts]
[2025-08-09 14:23:15,373: INFO: common: created directory at: artifacts\training]
[2025-08-09 14:23:17,814: ERROR: main: Could not import PIL.Image. The use of `load_img` requires PIL.]
Traceback (most recent call last):
  File "main.py", line 33, in <module>
    model_trainer.main()
  File "C:\Users\ramesh\Deep learning proj\Kidney_Disease_Classification_Deep_learning\src\cnnClassifier\pipeline\stage_03_model_training.py", line 21, in main
    training.train()
  File "C:\Users\ramesh\Deep learning proj\Kidney_Disease_Classification_Deep_learning\src\cnnClassifier\components\model_training.py", line 76, in train
    self.model.fit(
  File "C:\Users\ramesh\anaconda3\envs\kidney\lib\site-packages\keras\src\utils\traceback_utils.py", line 70, in error_handler
    raise e.with_traceback(filtered_tb) from None
  File "C:\Users\ramesh\anaconda3\envs\kidney\lib\site-packages\keras\src\utils\image_utils.py", line 414, in load_img
    raise ImportError(
ImportError: Could not import PIL.Image. The use of `load_img` requires PIL.
[2025-08-09 14:24:49,325: INFO: main: >>>>>> stage Data Ingestion stage started <<<<<<]
[2025-08-09 14:24:49,341: INFO: common: yaml file: config\config.yaml loaded successfully]
[2025-08-09 14:24:49,341: INFO: common: yaml file: params.yaml loaded successfully]
[2025-08-09 14:24:49,341: INFO: common: created directory at: artifacts]
[2025-08-09 14:24:49,341: INFO: common: created directory at: artifacts/data_ingestion]
[2025-08-09 14:24:49,341: INFO: data_ingestion: Downloading data from https://drive.google.com/file/d/1vlhZ5c7abUKF8xXERIw6m9Te8fW7ohw3/view?usp=sharing into file artifacts/data_ingestion/data.zip]
[2025-08-09 14:25:00,841: INFO: data_ingestion: Downloaded data from https://drive.google.com/file/d/1vlhZ5c7abUKF8xXERIw6m9Te8fW7ohw3/view?usp=sharing into file artifacts/data_ingestion/data.zip]
[2025-08-09 14:25:02,387: INFO: main: >>>>>> stage Data Ingestion stage completed <<<<<<

x==========x]
[2025-08-09 14:25:02,387: INFO: main: *******************]
[2025-08-09 14:25:02,387: INFO: main: >>>>>> stage Prepare base model started <<<<<<]
[2025-08-09 14:25:02,403: INFO: common: yaml file: config\config.yaml loaded successfully]
[2025-08-09 14:25:02,403: INFO: common: yaml file: params.yaml loaded successfully]
[2025-08-09 14:25:02,403: INFO: common: created directory at: artifacts]
[2025-08-09 14:25:02,403: INFO: common: created directory at: artifacts/prepare_base_model]
[2025-08-09 14:25:04,122: WARNING: saving_utils: Compiled the loaded model, but the compiled metrics have yet to be built. `model.compile_metrics` will be empty until you train or evaluate the model.]
[2025-08-09 14:25:04,700: INFO: main: >>>>>> stage Prepare base model completed <<<<<<

x==========x]
[2025-08-09 14:25:04,700: INFO: main: *******************]
[2025-08-09 14:25:04,700: INFO: main: >>>>>> stage Training started <<<<<<]
[2025-08-09 14:25:04,700: INFO: common: yaml file: config\config.yaml loaded successfully]
[2025-08-09 14:25:04,716: INFO: common: yaml file: params.yaml loaded successfully]
[2025-08-09 14:25:04,716: INFO: common: created directory at: artifacts]
[2025-08-09 14:25:04,716: INFO: common: created directory at: artifacts\training]
[2025-08-09 14:25:05,952: ERROR: main: name 'scipy' is not defined]
Traceback (most recent call last):
  File "main.py", line 33, in <module>
    model_trainer.main()
  File "C:\Users\ramesh\Deep learning proj\Kidney_Disease_Classification_Deep_learning\src\cnnClassifier\pipeline\stage_03_model_training.py", line 21, in main
    training.train()
  File "C:\Users\ramesh\Deep learning proj\Kidney_Disease_Classification_Deep_learning\src\cnnClassifier\components\model_training.py", line 76, in train
    self.model.fit(
  File "C:\Users\ramesh\anaconda3\envs\kidney\lib\site-packages\keras\src\utils\traceback_utils.py", line 70, in error_handler
    raise e.with_traceback(filtered_tb) from None
  File "C:\Users\ramesh\anaconda3\envs\kidney\lib\site-packages\keras\src\preprocessing\image.py", line 2525, in apply_affine_transform
    if scipy is None:
NameError: name 'scipy' is not defined
[2025-08-09 14:26:13,844: INFO: main: >>>>>> stage Data Ingestion stage started <<<<<<]
[2025-08-09 14:26:13,860: INFO: common: yaml file: config\config.yaml loaded successfully]
[2025-08-09 14:26:13,860: INFO: common: yaml file: params.yaml loaded successfully]
[2025-08-09 14:26:13,860: INFO: common: created directory at: artifacts]
[2025-08-09 14:26:13,860: INFO: common: created directory at: artifacts/data_ingestion]
[2025-08-09 14:26:13,860: INFO: data_ingestion: Downloading data from https://drive.google.com/file/d/1vlhZ5c7abUKF8xXERIw6m9Te8fW7ohw3/view?usp=sharing into file artifacts/data_ingestion/data.zip]
[2025-08-09 14:26:24,294: INFO: data_ingestion: Downloaded data from https://drive.google.com/file/d/1vlhZ5c7abUKF8xXERIw6m9Te8fW7ohw3/view?usp=sharing into file artifacts/data_ingestion/data.zip]
[2025-08-09 14:26:25,872: INFO: main: >>>>>> stage Data Ingestion stage completed <<<<<<

x==========x]
[2025-08-09 14:26:25,872: INFO: main: *******************]
[2025-08-09 14:26:25,872: INFO: main: >>>>>> stage Prepare base model started <<<<<<]
[2025-08-09 14:26:25,888: INFO: common: yaml file: config\config.yaml loaded successfully]
[2025-08-09 14:26:25,888: INFO: common: yaml file: params.yaml loaded successfully]
[2025-08-09 14:26:25,888: INFO: common: created directory at: artifacts]
[2025-08-09 14:26:25,888: INFO: common: created directory at: artifacts/prepare_base_model]
[2025-08-09 14:26:28,341: WARNING: saving_utils: Compiled the loaded model, but the compiled metrics have yet to be built. `model.compile_metrics` will be empty until you train or evaluate the model.]
[2025-08-09 14:26:28,950: INFO: main: >>>>>> stage Prepare base model completed <<<<<<

x==========x]
[2025-08-09 14:26:28,950: INFO: main: *******************]
[2025-08-09 14:26:28,950: INFO: main: >>>>>> stage Training started <<<<<<]
[2025-08-09 14:26:28,966: INFO: common: yaml file: config\config.yaml loaded successfully]
[2025-08-09 14:26:28,966: INFO: common: yaml file: params.yaml loaded successfully]
[2025-08-09 14:26:28,966: INFO: common: created directory at: artifacts]
[2025-08-09 14:26:28,966: INFO: common: created directory at: artifacts\training]
[2025-08-09 14:34:39,864: INFO: main: >>>>>> stage Training completed <<<<<<

x==========x]
