[2025-08-08 17:25:29,682: INFO: main: Welcome to our Custom log]
[2025-08-09 11:11:25,447: INFO: main: >>>>>> stage Data Ingestion stage started <<<<<<]
[2025-08-09 11:11:25,447: INFO: common: yaml file: config\config.yaml loaded successfully]
[2025-08-09 11:11:25,463: INFO: common: yaml file: params.yaml loaded successfully]
[2025-08-09 11:11:25,463: ERROR: main: yaml file is empty]
Traceback (most recent call last):
  File "C:\Users\ramesh\Deep learning proj\Kidney_Disease_Classification_Deep_learning\src\cnnClassifier\utils\common.py", line 34, in read_yaml
    return ConfigBox(content)
  File "box\box.py", line 247, in box.box.Box.__init__
box.exceptions.BoxValueError: Cannot extrapolate Box from string

During handling of the above exception, another exception occurred:

Traceback (most recent call last):
  File "main.py", line 8, in <module>
    data_ingestion.main()
  File "C:\Users\ramesh\Deep learning proj\Kidney_Disease_Classification_Deep_learning\src\cnnClassifier\pipeline\stage_01_data_ingestion.py", line 13, in main
    config = ConfigurationManager()
  File "C:\Users\ramesh\Deep learning proj\Kidney_Disease_Classification_Deep_learning\src\cnnClassifier\config\configuration.py", line 14, in __init__
    self.params = read_yaml(params_filepath)
  File "C:\Users\ramesh\anaconda3\envs\kidney\lib\site-packages\ensure\main.py", line 849, in __call__
    return_val = self.f(*args, **kwargs)
  File "C:\Users\ramesh\Deep learning proj\Kidney_Disease_Classification_Deep_learning\src\cnnClassifier\utils\common.py", line 36, in read_yaml
    raise ValueError("yaml file is empty")
ValueError: yaml file is empty
[2025-08-09 11:13:38,542: INFO: main: >>>>>> stage Data Ingestion stage started <<<<<<]
[2025-08-09 11:13:38,542: INFO: common: yaml file: config\config.yaml loaded successfully]
[2025-08-09 11:13:38,558: INFO: common: yaml file: params.yaml loaded successfully]
[2025-08-09 11:13:38,558: INFO: common: created directory at: artifacts]
[2025-08-09 11:13:38,558: INFO: common: created directory at: artifacts/data_ingestion]
[2025-08-09 11:13:38,558: INFO: data_ingestion: Downloading data from https://drive.google.com/file/d/1vlhZ5c7abUKF8xXERIw6m9Te8fW7ohw3/view?usp=sharing into file artifacts/data_ingestion/data.zip]
[2025-08-09 11:13:49,307: INFO: data_ingestion: Downloaded data from https://drive.google.com/file/d/1vlhZ5c7abUKF8xXERIw6m9Te8fW7ohw3/view?usp=sharing into file artifacts/data_ingestion/data.zip]
[2025-08-09 11:13:52,104: INFO: main: >>>>>> stage Data Ingestion stage completed <<<<<<

x==========x]
[2025-08-09 12:13:20,602: INFO: main: >>>>>> stage Data Ingestion stage started <<<<<<]
[2025-08-09 12:13:20,610: INFO: common: yaml file: config\config.yaml loaded successfully]
[2025-08-09 12:13:20,618: INFO: common: yaml file: params.yaml loaded successfully]
[2025-08-09 12:13:20,618: INFO: common: created directory at: artifacts]
[2025-08-09 12:13:20,618: INFO: common: created directory at: artifacts/data_ingestion]
[2025-08-09 12:13:20,618: INFO: data_ingestion: Downloading data from https://drive.google.com/file/d/1vlhZ5c7abUKF8xXERIw6m9Te8fW7ohw3/view?usp=sharing into file artifacts/data_ingestion/data.zip]
[2025-08-09 12:13:31,938: INFO: data_ingestion: Downloaded data from https://drive.google.com/file/d/1vlhZ5c7abUKF8xXERIw6m9Te8fW7ohw3/view?usp=sharing into file artifacts/data_ingestion/data.zip]
[2025-08-09 12:13:37,753: INFO: main: >>>>>> stage Data Ingestion stage completed <<<<<<

x==========x]
[2025-08-09 12:13:37,768: INFO: main: *******************]
[2025-08-09 12:13:37,768: INFO: main: >>>>>> stage Prepare base model started <<<<<<]
[2025-08-09 12:13:37,784: INFO: common: yaml file: config\config.yaml loaded successfully]
[2025-08-09 12:13:37,800: INFO: common: yaml file: params.yaml loaded successfully]
[2025-08-09 12:13:37,831: INFO: common: created directory at: artifacts]
[2025-08-09 12:13:37,831: INFO: common: created directory at: artifacts/prepare_base_model]
[2025-08-09 12:13:53,385: WARNING: saving_utils: Compiled the loaded model, but the compiled metrics have yet to be built. `model.compile_metrics` will be empty until you train or evaluate the model.]
[2025-08-09 12:13:57,638: INFO: main: >>>>>> stage Prepare base model completed <<<<<<

x==========x]
